[07:45:27] [ServerMain/INFO]: [bootstrap] Running Java 25 (OpenJDK 64-Bit Server VM 25.0.4.1+1-LTS; Microsoft Microsoft-14951822) on Linux 6.8.0-1064-azure (amd64)
[07:45:27] [ServerMain/INFO]: [bootstrap] Loading Purpur 26.1.2-2592-HEAD@405ad83 (2026-06-15T20:01:07Z) for Minecraft 26.1.2
[07:45:28] [ServerMain/INFO]: [PluginInitializerManager] Initializing plugins...
[07:45:28] [ServerMain/ERROR]: [DirectoryProviderSource] Error loading plugin: zip END header not found
java.util.zip.ZipException: zip END header not found
	at java.base/java.util.zip.ZipFile$Source.findEND(ZipFile.java:1693) ~[?:?]
	at java.base/java.util.zip.ZipFile$Source.initCEN(ZipFile.java:1701) ~[?:?]
	at java.base/java.util.zip.ZipFile$Source.<init>(ZipFile.java:1542) ~[?:?]
	at java.base/java.util.zip.ZipFile$Source.get(ZipFile.java:1506) ~[?:?]
	at java.base/java.util.zip.ZipFile$CleanableResource.<init>(ZipFile.java:704) ~[?:?]
	at java.base/java.util.zip.ZipFile.<init>(ZipFile.java:204) ~[?:?]
	at java.base/java.util.zip.ZipFile.<init>(ZipFile.java:150) ~[?:?]
	at java.base/java.util.jar.JarFile.<init>(JarFile.java:333) ~[?:?]
	at io.papermc.paper.plugin.provider.source.FileProviderSource.registerProviders(FileProviderSource.java:64) ~[purpur-26.1.2.jar:26.1.2-2592-405ad83]
	at io.papermc.paper.plugin.provider.source.DirectoryProviderSource.registerProviders(DirectoryProviderSource.java:58) ~[purpur-26.1.2.jar:26.1.2-2592-405ad83]
	at io.papermc.paper.plugin.provider.source.DirectoryProviderSource.registerProviders(DirectoryProviderSource.java:17) ~[purpur-26.1.2.jar:26.1.2-2592-405ad83]
	at io.papermc.paper.plugin.util.EntrypointUtil.registerProvidersFromSource(EntrypointUtil.java:15) ~[purpur-26.1.2.jar:26.1.2-2592-405ad83]
	at io.papermc.paper.plugin.PluginInitializerManager.load(PluginInitializerManager.java:104) ~[purpur-26.1.2.jar:26.1.2-2592-405ad83]
	at net.minecraft.server.Main.main(Main.java:114) ~[purpur-26.1.2.jar:26.1.2-2592-405ad83]
	at io.papermc.paper.PaperBootstrap.boot(PaperBootstrap.java:21) ~[purpur-26.1.2.jar:26.1.2-2592-405ad83]
	at org.bukkit.craftbukkit.Main.main(Main.java:212) ~[purpur-26.1.2.jar:26.1.2-2592-405ad83]
	at io.papermc.paperclip.Paperclip.lambda$main$0(Paperclip.java:42) ~[?:?]
	at java.base/java.lang.Thread.run(Thread.java:1474) ~[?:?]
[07:45:29] [ServerMain/INFO]: [PluginInitializerManager] Initialized 6 plugins
[07:45:29] [ServerMain/INFO]: [PluginInitializerManager] Paper plugins (1):
 - Veinminer (2.12.2)
[07:45:29] [ServerMain/INFO]: [PluginInitializerManager] Bukkit plugins (5):
 - Essentials (2.22.0), EssentialsChat (2.22.0), EssentialsSpawn (2.22.0), RoleplayCard (1.1), Vault (1.7.3-b131)
[07:45:36] [ServerMain/INFO]: Environment: Environment[sessionHost=https://sessionserver.mojang.com, servicesHost=https://api.minecraftservices.com, profilesHost=https://api.mojang.com, name=PROD]
[07:45:40] [ServerMain/INFO]: Loaded 1515 recipes
[07:45:40] [ServerMain/INFO]: Loaded 1617 advancements
[07:45:40] [ServerMain/INFO]: [ca.spottedleaf.dataconverter.minecraft.datatypes.MCTypeRegistry] Initialising converters for DataConverter...
[07:45:41] [ServerMain/INFO]: [ca.spottedleaf.dataconverter.minecraft.datatypes.MCTypeRegistry] Finished initialising converters for DataConverter in 589.0ms
[07:45:41] [Server thread/INFO]: Starting minecraft server version 26.1.2
[07:45:41] [Server thread/INFO]: Loading properties
[07:45:41] [Server thread/INFO]: This server is running Purpur version 26.1.2-2592-HEAD@405ad83 (2026-06-15T20:01:07Z) (Implementing API version 26.1.2.build.2592-stable)
[07:45:41] [Server thread/INFO]: [spark] This server bundles the spark profiler. For more information please visit https://docs.papermc.io/paper/profiling
[07:45:41] [Server thread/INFO]: Server Ping Player Sample Count: 12
[07:45:41] [Server thread/INFO]: Using 4 threads for Netty based IO
[07:45:42] [Server thread/INFO]: [MoonriseCommon] Paper is using 1 worker threads, 1 I/O threads
[07:45:43] [Server thread/INFO]: Default game type: SURVIVAL
[07:45:43] [Server thread/INFO]: Generating keypair
[07:45:43] [Server thread/INFO]: Starting Minecraft server on *:25565
[07:45:43] [Server thread/INFO]: Paper: Using libdeflate (Linux x86_64) compression from Velocity.
[07:45:43] [Server thread/INFO]: Paper: Using OpenSSL 3.x.x (Linux x86_64) cipher from Velocity.
[07:45:43] [Server thread/INFO]: [Vault] Loading server plugin Vault v1.7.3-b131
[07:45:43] [Server thread/INFO]: [Essentials] Loading server plugin Essentials v2.22.0
[07:45:43] [Server thread/INFO]: [Plugin Started] Loading server plugin RoleplayCard v1.1
[07:45:43] [Server thread/INFO]: [Veinminer] Loading server plugin Veinminer v2.12.2
[07:45:43] [Server thread/INFO]: [Veinminer] Detected platform: Purpur
[07:45:43] [Server thread/INFO]: [EssentialsChat] Loading server plugin EssentialsChat v2.22.0
[07:45:43] [Server thread/INFO]: [EssentialsSpawn] Loading server plugin EssentialsSpawn v2.22.0
[07:45:43] [Server thread/INFO]: Server permissions file permissions.yml is empty, ignoring it
[07:45:43] [Server thread/INFO]: [Vault] Enabling Vault v1.7.3-b131
[07:45:43] [Server thread/INFO]: [Vault] [Economy] Essentials Economy found: Waiting
[07:45:44] [Server thread/INFO]: [Vault] [Permission] SuperPermissions loaded as backup permission system.
[07:45:44] [Server thread/INFO]: [Vault] Enabled Version 1.7.3-b131
[07:45:44] [Server thread/INFO]: [Veinminer] Enabling Veinminer v2.12.2
[07:45:44] [Server thread/WARN]: **** SERVER IS RUNNING IN OFFLINE/INSECURE MODE!
[07:45:44] [Server thread/WARN]: The server will make no attempt to authenticate usernames. Beware.
[07:45:44] [Server thread/WARN]: While this makes the game possible to play without internet access, it also opens up the ability for hackers to connect with any username they choose.
[07:45:44] [Server thread/WARN]: To change this, set "online-mode" to "true" in the server.properties file.
[07:45:44] [Server thread/INFO]: Preparing level "world"
[07:45:44] [DefaultDispatcher-worker-1/INFO]: [de.miraculixx.veinminer.Veinminer] veinminer is up to date
[07:45:46] [Server thread/INFO]: Loading 0 persistent chunks for level 'minecraft:overworld'...
[07:45:46] [Server thread/INFO]: Preparing spawn area: 100%
[07:45:46] [Server thread/INFO]: Prepared spawn area in 5 ms
[07:45:46] [Server thread/INFO]: Loading 0 persistent chunks for level 'minecraft:the_nether'...
[07:45:46] [Server thread/INFO]: Prepared spawn area in 0 ms
[07:45:46] [Server thread/INFO]: Loading 0 persistent chunks for level 'minecraft:the_end'...
[07:45:46] [Server thread/INFO]: Prepared spawn area in 0 ms
[07:45:46] [Server thread/INFO]: Done preparing level "world" (1.758s)
[07:45:46] [Server thread/INFO]: [Essentials] Enabling Essentials v2.22.0
[07:45:47] [Server thread/INFO]: [Essentials] Attempting to convert old kits in config.yml to new kits.yml
[07:45:47] [Server thread/INFO]: [Essentials] No kits found to migrate.
[07:45:47] [Server thread/INFO]: [Essentials] Selected 1.12.2+ Player Locale Provider as the provider for PlayerLocaleProvider
[07:45:47] [Server thread/INFO]: [Essentials] Selected 1.21.4+ Sync Commands Provider as the provider for SyncCommandsProvider
[07:45:47] [Server thread/INFO]: [Essentials] Selected Paper Container Provider as the provider for ContainerProvider
[07:45:47] [Server thread/INFO]: [Essentials] Selected 1.20.6+ Potion Meta Provider as the provider for PotionMetaProvider
[07:45:47] [Server thread/INFO]: [Essentials] Selected 1.12+ Spawner Block Provider as the provider for SpawnerBlockProvider
[07:45:47] [Server thread/INFO]: [Essentials] Selected 1.14.4+ Persistent Data Container Provider as the provider for PersistentDataProvider
[07:45:47] [Server thread/INFO]: [Essentials] Selected 1.13+ Spawn Egg Provider as the provider for SpawnEggProvider
[07:45:47] [Server thread/INFO]: [Essentials] Selected Reflection Online Mode Provider as the provider for OnlineModeProvider
[07:45:47] [Server thread/INFO]: [Essentials] Selected 1.8.3+ Spawner Item Provider as the provider for SpawnerItemProvider
[07:45:47] [Server thread/INFO]: [Essentials] Selected 1.21+ InventoryView Interface ABI Provider as the provider for InventoryViewProvider
[07:45:47] [Server thread/INFO]: [Essentials] Selected Paper Server State Provider as the provider for ServerStateProvider
[07:45:47] [Server thread/INFO]: [Essentials] Selected Paper Tick Count Provider as the provider for TickCountProvider
[07:45:47] [Server thread/INFO]: [Essentials] Selected Legacy Biome Name Provider as the provider for BiomeNameProvider
[07:45:47] [Server thread/INFO]: [Essentials] Selected Paper Material Tag Provider as the provider for MaterialTagProvider
[07:45:47] [Server thread/INFO]: [Essentials] Selected Paper 1.13+ Tile Entity Provider as the provider for TileEntityProvider
[07:45:47] [Server thread/INFO]: [Essentials] Selected Reflection Formatted Command Alias Provider as the provider for FormattedCommandAliasProvider
[07:45:47] [Server thread/INFO]: [Essentials] Selected 1.11+ Item Unbreakable Provider as the provider for ItemUnbreakableProvider
[07:45:47] [Server thread/INFO]: [Essentials] Selected Paper Serialization Provider as the provider for SerializationProvider
[07:45:47] [Server thread/INFO]: [Essentials] Selected Paper Biome Key Provider as the provider for BiomeKeyProvider
[07:45:47] [Server thread/INFO]: [Essentials] Selected Paper Known Commands Provider as the provider for KnownCommandsProvider
[07:45:47] [Server thread/INFO]: [Essentials] Selected 1.20.4+ Damage Event Provider as the provider for DamageEventProvider
[07:45:47] [Server thread/INFO]: [Essentials] Selected 1.14+ Sign Data Provider as the provider for SignDataProvider
[07:45:47] [Server thread/INFO]: [Essentials] Selected 1.17.1+ World Info Provider as the provider for WorldInfoProvider
[07:45:47] [Server thread/INFO]: [Essentials] Selected 1.20.5+ Banner Data Provider as the provider for BannerDataProvider
[07:45:47] [Server thread/INFO]: [Essentials] Loaded 46312 items from items.json.
[07:45:47] [Server thread/INFO]: [Essentials] Using locale en
[07:45:48] [Server thread/INFO]: [Essentials] ServerListPingEvent: Spigot iterator API
[07:45:48] [Server thread/INFO]: [Essentials] Starting Metrics. Opt-out using the global bStats config.
[07:45:48] [Server thread/INFO]: [Vault] [Economy] Essentials Economy hooked.
[07:45:48] [Server thread/INFO]: [Essentials] Using superperms-based permissions.
[07:45:48] [Server thread/INFO]: [Plugin Started] Enabling RoleplayCard v1.1
[07:45:48] [Server thread/INFO]: [EssentialsChat] Enabling EssentialsChat v2.22.0
[07:45:48] [Server thread/INFO]: [EssentialsChat] Starting Metrics. Opt-out using the global bStats config.
[07:45:48] [Server thread/INFO]: [EssentialsSpawn] Enabling EssentialsSpawn v2.22.0
[07:45:48] [Server thread/INFO]: [EssentialsSpawn] Starting Metrics. Opt-out using the global bStats config.
[07:45:48] [Server thread/INFO]: [spark] Starting background profiler...
[07:45:49] [Server thread/INFO]: Saving chunks for level 'ServerLevel[world]'/minecraft:overworld
[07:45:49] [Server thread/INFO]: Saving chunks for level 'ServerLevel[world]'/minecraft:the_nether
[07:45:49] [Server thread/INFO]: Saving chunks for level 'ServerLevel[world]'/minecraft:the_end
[07:45:49] [Server thread/INFO]: ThreadedAnvilChunkStorage (world): All chunks are saved
[07:45:49] [Server thread/INFO]: ThreadedAnvilChunkStorage (DIM-1): All chunks are saved
[07:45:49] [Server thread/INFO]: ThreadedAnvilChunkStorage (DIM1): All chunks are saved
[07:45:49] [Server thread/INFO]: ThreadedAnvilChunkStorage: All dimensions are saved
[07:45:49] [Server thread/INFO]: Running delayed init tasks
[07:45:49] [Craft Scheduler Thread - 3 - Essentials/INFO]: [Essentials] Fetching version information...
[07:45:49] [Server thread/INFO]: [Essentials] Essentials found a compatible payment resolution method: Vault Compatibility Layer (v1.7.3-b131)!
[07:45:49] [Server thread/INFO]: [de.miraculixx.veinminer.Veinminer] All events enabled!
[07:45:49] [Server thread/INFO]: Done (23.174s)! For help, type "help"
[07:45:49] [Craft Scheduler Thread - 2 - Vault/INFO]: [Vault] Checking for Updates ... 
[07:45:49] [Craft Scheduler Thread - 2 - Vault/INFO]: [Vault] No new version available
[07:45:50] [Craft Scheduler Thread - 3 - Essentials/WARN]: [Essentials] Unable to check your version! Self-built? Build information: id:'2.22.0' branch:'2.x' isDev:false.
[07:50:11] [Server thread/INFO]: Stopping the server
[07:50:11] [Server thread/INFO]: Stopping server
[07:50:11] [Server thread/INFO]: [EssentialsSpawn] Disabling EssentialsSpawn v2.22.0
[07:50:11] [Server thread/INFO]: [EssentialsChat] Disabling EssentialsChat v2.22.0
[07:50:11] [Server thread/INFO]: [Veinminer] Disabling Veinminer v2.12.2
[07:50:11] [Server thread/INFO]: [Plugin Started] Disabling RoleplayCard v1.1
[07:50:11] [Server thread/INFO]: [Essentials] Disabling Essentials v2.22.0
[07:50:11] [Server thread/INFO]: [Vault] [Economy] Essentials Economy unhooked.
[07:50:11] [Server thread/INFO]: [Vault] Disabling Vault v1.7.3-b131
[07:50:11] [Server thread/INFO]: Saving players
[07:50:11] [Server thread/INFO]: Saving worlds
[07:50:11] [Server thread/INFO]: Saving chunks for level 'ServerLevel[world]'/minecraft:overworld
[07:50:12] [Server thread/INFO]: [ChunkHolderManager] Waiting 60s for chunk system to halt for world 'minecraft:overworld'
[07:50:12] [Server thread/INFO]: [ChunkHolderManager] Halted chunk system for world 'minecraft:overworld'
[07:50:12] [Server thread/INFO]: [ChunkHolderManager] Saving all chunkholders for world 'minecraft:overworld'
[07:50:12] [Server thread/INFO]: [ChunkHolderManager] Saved 0 block chunks, 0 entity chunks, 0 poi chunks in world 'minecraft:overworld' in 0.00s
[07:50:12] [Server thread/INFO]: [ChunkHolderManager] Waiting 60s for chunk I/O to halt for world 'minecraft:overworld'
[07:50:12] [Server thread/INFO]: [ChunkHolderManager] Halted I/O scheduler for world 'minecraft:overworld'
[07:50:12] [Server thread/INFO]: Saving chunks for level 'ServerLevel[world]'/minecraft:the_nether
[07:50:12] [Server thread/INFO]: [ChunkHolderManager] Waiting 60s for chunk system to halt for world 'minecraft:the_nether'
[07:50:12] [Server thread/INFO]: [ChunkHolderManager] Halted chunk system for world 'minecraft:the_nether'
[07:50:12] [Server thread/INFO]: [ChunkHolderManager] Saving all chunkholders for world 'minecraft:the_nether'
[07:50:12] [Server thread/INFO]: [ChunkHolderManager] Saved 0 block chunks, 0 entity chunks, 0 poi chunks in world 'minecraft:the_nether' in 0.00s
[07:50:12] [Server thread/INFO]: [ChunkHolderManager] Waiting 60s for chunk I/O to halt for world 'minecraft:the_nether'
[07:50:12] [Server thread/INFO]: [ChunkHolderManager] Halted I/O scheduler for world 'minecraft:the_nether'
[07:50:12] [Server thread/INFO]: Saving chunks for level 'ServerLevel[world]'/minecraft:the_end
[07:50:12] [Server thread/INFO]: [ChunkHolderManager] Waiting 60s for chunk system to halt for world 'minecraft:the_end'
[07:50:12] [Server thread/INFO]: [ChunkHolderManager] Halted chunk system for world 'minecraft:the_end'
[07:50:12] [Server thread/INFO]: [ChunkHolderManager] Saving all chunkholders for world 'minecraft:the_end'
[07:50:12] [Server thread/INFO]: [ChunkHolderManager] Saved 0 block chunks, 0 entity chunks, 0 poi chunks in world 'minecraft:the_end' in 0.00s
[07:50:12] [Server thread/INFO]: [ChunkHolderManager] Waiting 60s for chunk I/O to halt for world 'minecraft:the_end'
[07:50:12] [Server thread/INFO]: [ChunkHolderManager] Halted I/O scheduler for world 'minecraft:the_end'
[07:50:12] [Server thread/INFO]: ThreadedAnvilChunkStorage (world): All chunks are saved
[07:50:12] [Server thread/INFO]: ThreadedAnvilChunkStorage (DIM-1): All chunks are saved
[07:50:12] [Server thread/INFO]: ThreadedAnvilChunkStorage (DIM1): All chunks are saved
[07:50:12] [Server thread/INFO]: ThreadedAnvilChunkStorage: All dimensions are saved
[07:50:12] [Server thread/INFO]: Waiting for all RegionFile I/O tasks to complete...
[07:50:12] [Server thread/INFO]: All RegionFile I/O tasks to complete
[07:50:12] [Server thread/INFO]: [MoonriseCommon] Awaiting termination of worker pool for up to 60s...
[07:50:12] [Server thread/INFO]: [MoonriseCommon] Awaiting termination of I/O pool for up to 60s...
